###############################################################################
#
# IAR ELF Linker V7.40.3.8902/W32 for ARM                 15/Mar/2016  16:48:06
# Copyright 2007-2015 IAR Systems AB.
#
#    Output file  =  
#        E:\TCL\PROJECT\SmartHome\soft\SmartHome\IAR\deveicetest\DeviceTest\EWARM\DeviceTest
#        Configuration\Exe\DeviceTest Configuration.out
#    Map file     =  
#        E:\TCL\PROJECT\SmartHome\soft\SmartHome\IAR\deveicetest\DeviceTest\EWARM\DeviceTest
#        Configuration/List\DeviceTest Configuration.map
#    Command line =  
#        "E:\TCL\PROJECT\SmartHome\soft\SmartHome\IAR\deveicetest\DeviceTest\EWARM\DeviceTest
#        Configuration\Obj\apprtc.o"
#        "E:\TCL\PROJECT\SmartHome\soft\SmartHome\IAR\deveicetest\DeviceTest\EWARM\DeviceTest
#        Configuration\Obj\common.o"
#        "E:\TCL\PROJECT\SmartHome\soft\SmartHome\IAR\deveicetest\DeviceTest\EWARM\DeviceTest
#        Configuration\Obj\deveice.o"
#        "E:\TCL\PROJECT\SmartHome\soft\SmartHome\IAR\deveicetest\DeviceTest\EWARM\DeviceTest
#        Configuration\Obj\gpio.o"
#        "E:\TCL\PROJECT\SmartHome\soft\SmartHome\IAR\deveicetest\DeviceTest\EWARM\DeviceTest
#        Configuration\Obj\Init.o"
#        "E:\TCL\PROJECT\SmartHome\soft\SmartHome\IAR\deveicetest\DeviceTest\EWARM\DeviceTest
#        Configuration\Obj\lcd.o"
#        "E:\TCL\PROJECT\SmartHome\soft\SmartHome\IAR\deveicetest\DeviceTest\EWARM\DeviceTest
#        Configuration\Obj\lcddriver.o"
#        "E:\TCL\PROJECT\SmartHome\soft\SmartHome\IAR\deveicetest\DeviceTest\EWARM\DeviceTest
#        Configuration\Obj\main.o"
#        "E:\TCL\PROJECT\SmartHome\soft\SmartHome\IAR\deveicetest\DeviceTest\EWARM\DeviceTest
#        Configuration\Obj\rtc.o"
#        "E:\TCL\PROJECT\SmartHome\soft\SmartHome\IAR\deveicetest\DeviceTest\EWARM\DeviceTest
#        Configuration\Obj\startup_stm32l152xba.o"
#        "E:\TCL\PROJECT\SmartHome\soft\SmartHome\IAR\deveicetest\DeviceTest\EWARM\DeviceTest
#        Configuration\Obj\stm32l1xx_hal.o"
#        "E:\TCL\PROJECT\SmartHome\soft\SmartHome\IAR\deveicetest\DeviceTest\EWARM\DeviceTest
#        Configuration\Obj\stm32l1xx_hal_cortex.o"
#        "E:\TCL\PROJECT\SmartHome\soft\SmartHome\IAR\deveicetest\DeviceTest\EWARM\DeviceTest
#        Configuration\Obj\stm32l1xx_hal_dma.o"
#        "E:\TCL\PROJECT\SmartHome\soft\SmartHome\IAR\deveicetest\DeviceTest\EWARM\DeviceTest
#        Configuration\Obj\stm32l1xx_hal_flash.o"
#        "E:\TCL\PROJECT\SmartHome\soft\SmartHome\IAR\deveicetest\DeviceTest\EWARM\DeviceTest
#        Configuration\Obj\stm32l1xx_hal_flash_ex.o"
#        "E:\TCL\PROJECT\SmartHome\soft\SmartHome\IAR\deveicetest\DeviceTest\EWARM\DeviceTest
#        Configuration\Obj\stm32l1xx_hal_flash_ramfunc.o"
#        "E:\TCL\PROJECT\SmartHome\soft\SmartHome\IAR\deveicetest\DeviceTest\EWARM\DeviceTest
#        Configuration\Obj\stm32l1xx_hal_gpio.o"
#        "E:\TCL\PROJECT\SmartHome\soft\SmartHome\IAR\deveicetest\DeviceTest\EWARM\DeviceTest
#        Configuration\Obj\stm32l1xx_hal_lcd.o"
#        "E:\TCL\PROJECT\SmartHome\soft\SmartHome\IAR\deveicetest\DeviceTest\EWARM\DeviceTest
#        Configuration\Obj\stm32l1xx_hal_msp.o"
#        "E:\TCL\PROJECT\SmartHome\soft\SmartHome\IAR\deveicetest\DeviceTest\EWARM\DeviceTest
#        Configuration\Obj\stm32l1xx_hal_pwr.o"
#        "E:\TCL\PROJECT\SmartHome\soft\SmartHome\IAR\deveicetest\DeviceTest\EWARM\DeviceTest
#        Configuration\Obj\stm32l1xx_hal_pwr_ex.o"
#        "E:\TCL\PROJECT\SmartHome\soft\SmartHome\IAR\deveicetest\DeviceTest\EWARM\DeviceTest
#        Configuration\Obj\stm32l1xx_hal_rcc.o"
#        "E:\TCL\PROJECT\SmartHome\soft\SmartHome\IAR\deveicetest\DeviceTest\EWARM\DeviceTest
#        Configuration\Obj\stm32l1xx_hal_rcc_ex.o"
#        "E:\TCL\PROJECT\SmartHome\soft\SmartHome\IAR\deveicetest\DeviceTest\EWARM\DeviceTest
#        Configuration\Obj\stm32l1xx_hal_rtc.o"
#        "E:\TCL\PROJECT\SmartHome\soft\SmartHome\IAR\deveicetest\DeviceTest\EWARM\DeviceTest
#        Configuration\Obj\stm32l1xx_hal_rtc_ex.o"
#        "E:\TCL\PROJECT\SmartHome\soft\SmartHome\IAR\deveicetest\DeviceTest\EWARM\DeviceTest
#        Configuration\Obj\stm32l1xx_hal_uart.o"
#        "E:\TCL\PROJECT\SmartHome\soft\SmartHome\IAR\deveicetest\DeviceTest\EWARM\DeviceTest
#        Configuration\Obj\stm32l1xx_it.o"
#        "E:\TCL\PROJECT\SmartHome\soft\SmartHome\IAR\deveicetest\DeviceTest\EWARM\DeviceTest
#        Configuration\Obj\system_stm32l1xx.o"
#        "E:\TCL\PROJECT\SmartHome\soft\SmartHome\IAR\deveicetest\DeviceTest\EWARM\DeviceTest
#        Configuration\Obj\uartapp.o"
#        "E:\TCL\PROJECT\SmartHome\soft\SmartHome\IAR\deveicetest\DeviceTest\EWARM\DeviceTest
#        Configuration\Obj\usart.o" --redirect _Printf=_PrintfFull --redirect
#        _Scanf=_ScanfFull -o
#        "E:\TCL\PROJECT\SmartHome\soft\SmartHome\IAR\deveicetest\DeviceTest\EWARM\DeviceTest
#        Configuration\Exe\DeviceTest Configuration.out" --map
#        "E:\TCL\PROJECT\SmartHome\soft\SmartHome\IAR\deveicetest\DeviceTest\EWARM\DeviceTest
#        Configuration/List\DeviceTest Configuration.map" --config
#        E:\TCL\PROJECT\SmartHome\soft\SmartHome\IAR\deveicetest\DeviceTest\EWARM/stm32l152xba_flash.icf
#        --semihosting --entry __iar_program_start --vfe
#
###############################################################################

*******************************************************************************
*** RUNTIME MODEL ATTRIBUTES
***

CppFlavor                     = *
__Heap_Handler                = Basic
__SystemLibrary               = DLib
__dlib_dynamic_initialization = normal


*******************************************************************************
*** PLACEMENT SUMMARY
***

"A1":  place at 0x08000000 { ro section .intvec };
"P1":  place in [from 0x08000000 to 0x0801ffff] { ro };
"P2":  place in [from 0x20000000 to 0x20007fff] { rw, block CSTACK, block HEAP };

  Section             Kind        Address    Size  Object
  -------             ----        -------    ----  ------
"A1":                                        0xf4
  .intvec             ro code  0x08000000    0xf4  startup_stm32l152xba.o [1]
                             - 0x080000f4    0xf4

"P1":                                      0x7028
  .text               ro code  0x080000f4  0x1156  xprintffull.o [3]
  .text               ro code  0x0800124a    0x20  xmbtowc.o [3]
  .text               ro code  0x0800126a     0xa  xsprout.o [3]
  .text               ro code  0x08001274    0x16  strchr.o [5]
  .text               ro code  0x0800128c    0x36  strlen.o [5]
  .text               ro code  0x080012c4    0x58  memchr.o [5]
  .text               ro code  0x0800131c     0xa  xmbcurmax.o [3]
  .text               ro code  0x08001328    0xb0  xxmemxmalloc.o [3]
  .text               ro code  0x080013d8    0x1a  xwctomb.o [3]
  .text               ro code  0x080013f4    0x76  ABImemcpy_unaligned.o [5]
  .text               ro code  0x0800146c    0x80  xxmemxfree.o [3]
  .text               ro code  0x080014ec    0xee  I64DivMod.o [5]
  .text               ro code  0x080015da    0x42  xdnorm.o [4]
  .text               ro code  0x0800161c    0x2e  DblCmpLe.o [4]
  .text               ro code  0x0800164c    0x2e  DblCmpGe.o [4]
  .text               ro code  0x0800167c   0x110  xdscale.o [4]
  .text               ro code  0x0800178c    0x58  DblToI32.o [4]
  .text               ro code  0x080017e4    0x30  I32ToDbl.o [4]
  .text               ro code  0x08001814   0x180  DblSub.o [4]
  .text               ro code  0x08001994   0x1a2  DblMul.o [4]
  .text               ro code  0x08001b38   0x256  DblDiv.o [4]
  .text               ro code  0x08001d90    0x6c  localeconv.o [3]
  .text               ro code  0x08001dfc     0xe  div.o [3]
  .text               ro code  0x08001e0c    0x54  setlocale.o [3]
  .text               ro code  0x08001e60    0x60  xencoding_sb.o [3]
  .text               ro code  0x08001ec0    0x2c  xgetmemchunk.o [3]
  .text               ro code  0x08001eec     0x2  I64DivZer.o [5]
  .text               ro code  0x08001ef0    0xd4  DblAdd.o [4]
  .text               ro code  0x08001fc4     0x2  xtls.o [3]
  .text               ro code  0x08001fc8   0xf5c  stm32l1xx_hal_rcc.o [1]
  .text               ro code  0x08002f24    0x50  stm32l1xx_hal.o [1]
  .text               ro code  0x08002f74    0x10  stm32l1xx_hal_pwr_ex.o [1]
  .text               ro code  0x08002f84   0x164  stm32l1xx_hal_cortex.o [1]
  .text               ro code  0x080030e8    0x50  stm32l1xx_hal_msp.o [1]
  .text               ro code  0x08003138   0x47a  common.o [1]
  .text               ro code  0x080035b4   0xd64  deveice.o [1]
  .text               ro code  0x08004318   0x680  stm32l1xx_hal_uart.o [1]
  .text               ro code  0x08004998     0x6  ABImemclr4.o [5]
  .text               ro code  0x080049a0    0x24  printf.o [3]
  .text               ro code  0x080049c4   0x204  stm32l1xx_hal_gpio.o [1]
  .text               ro code  0x08004bc8    0xbc  apprtc.o [1]
  .text               ro code  0x08004c84    0xc0  usart.o [1]
  .text               ro code  0x08004d44    0x32  ABImemset48.o [5]
  .text               ro code  0x08004d78   0x30e  stm32l1xx_hal_rtc_ex.o [1]
  .text               ro code  0x08005088   0x3e4  stm32l1xx_hal_rtc.o [1]
  .text               ro code  0x0800546c    0xb6  localtim.o [3]
  .text               ro code  0x08005524    0xe4  rtc.o [1]
  .text               ro code  0x08005608     0xa  getzone.o [3]
  .text               ro code  0x08005612    0x42  xgettime.o [3]
  .text               ro code  0x08005654    0x88  xstol.o [3]
  .text               ro code  0x080056dc   0x188  xttotm.o [3]
  .text               ro code  0x08005864    0x14  isxxx.o [3]
  .text               ro code  0x08005878   0x194  xstoul.o [3]
  .text               ro code  0x08005a0c     0xc  errno.o [3]
  .text               ro code  0x08005a18   0x134  xisdst.o [3]
  .text               ro code  0x08005b4c    0x14  xlocale_c.o [3]
  .text               ro code  0x08005b60    0x14  tolower.o [3]
  .text               ro code  0x08005b74   0x164  xgetdst.o [3]
  .text               ro code  0x08005cd8     0xc  xlocale_c.o [3]
  .text               ro code  0x08005ce4   0x708  lcddriver.o [1]
  .text               ro code  0x080063ec   0x20c  stm32l1xx_hal_lcd.o [1]
  .text               ro code  0x080065f8    0x66  ABImemset.o [5]
  .text               ro code  0x08006660    0x34  sprintf.o [3]
  .text               ro code  0x08006694    0xf4  lcd.o [1]
  .text               ro code  0x08006788   0x138  stm32l1xx_hal_rcc_ex.o [1]
  .rodata             const    0x080068c0   0x100  common.o [1]
  .rodata             const    0x080069c0   0x100  common.o [1]
  .text               ro code  0x08006ac0    0xe4  main.o [1]
  .text               ro code  0x08006ba4    0x6c  gpio.o [1]
  .text               ro code  0x08006c10    0x10  Init.o [1]
  .text               ro code  0x08006c20    0xd0  packbits_init.o [5]
  .text               ro code  0x08006cf0     0x6  abort.o [3]
  .text               ro code  0x08006cf8    0x14  exit.o [6]
  .text               ro code  0x08006d0c    0x64  system_stm32l1xx.o [1]
  .text               ro code  0x08006d70    0x40  zero_init3.o [5]
  .rodata             const    0x08006db0    0x34  lcddriver.o [1]
  .text               ro code  0x08006de4    0x28  stm32l1xx_it.o [1]
  .text               ro code  0x08006e0c    0x28  uartapp.o [1]
  .text               ro code  0x08006e34    0x28  data_init.o [5]
  .rodata             const    0x08006e5c    0x24  deveice.o [1]
  .iar.init_table     const    0x08006e80    0x2c  - Linker created -
  .text               ro code  0x08006eac    0x1a  cmain.o [5]
  .text               ro code  0x08006ec6     0x4  low_level_init.o [3]
  .text               ro code  0x08006eca     0x4  exit.o [3]
  .text               ro code  0x08006ed0     0xa  cexit.o [5]
  .text               ro code  0x08006eda    0x16  xprout.o [3]
  .text               ro code  0x08006ef0     0xc  putchar.o [3]
  .rodata             const    0x08006efc    0x14  lcddriver.o [1]
  .rodata             const    0x08006f10    0x10  apprtc.o [1]
  .rodata             const    0x08006f20    0x10  apprtc.o [1]
  .rodata             const    0x08006f30    0x10  apprtc.o [1]
  .rodata             const    0x08006f40    0x10  deveice.o [1]
  .rodata             const    0x08006f50    0x10  stm32l1xx_hal_rcc.o [1]
  .text               ro code  0x08006f60    0x10  startup_stm32l152xba.o [1]
  .rodata             const    0x08006f70     0xc  apprtc.o [1]
  .rodata             const    0x08006f7c     0xc  apprtc.o [1]
  .rodata             const    0x08006f88     0xc  deveice.o [1]
  .rodata             const    0x08006f94     0xc  stm32l1xx_hal_rcc.o [1]
  .text               ro code  0x08006fa0     0xc  cstartup_M.o [5]
  .rodata             const    0x08006fac     0x8  lcddriver.o [1]
  .rodata             const    0x08006fb4     0x8  lcddriver.o [1]
  .rodata             const    0x08006fbc     0x8  lcddriver.o [1]
  .rodata             const    0x08006fc4     0x8  lcddriver.o [1]
  .rodata             const    0x08006fcc     0x8  lcddriver.o [1]
  .rodata             const    0x08006fd4     0x8  lcddriver.o [1]
  .rodata             const    0x08006fdc     0x8  lcddriver.o [1]
  .rodata             const    0x08006fe4     0x8  lcddriver.o [1]
  .rodata             const    0x08006fec     0x8  lcddriver.o [1]
  .rodata             const    0x08006ff4     0x8  lcddriver.o [1]
  .rodata             const    0x08006ffc     0x8  lcddriver.o [1]
  .rodata             const    0x08007004     0x8  lcddriver.o [1]
  .rodata             const    0x0800700c     0x8  lcddriver.o [1]
  .rodata             const    0x08007014     0x4  stm32l1xx_hal_rcc.o [1]
  .text               ro code  0x08007018     0x4  startup_stm32l152xba.o [1]
  .text               ro code  0x0800701c     0x4  startup_stm32l152xba.o [1]
  .text               ro code  0x08007020     0x4  startup_stm32l152xba.o [1]
  .text               ro code  0x08007024     0x4  startup_stm32l152xba.o [1]
  .text               ro code  0x08007028     0x4  startup_stm32l152xba.o [1]
  .text               ro code  0x0800702c     0x4  startup_stm32l152xba.o [1]
  .text               ro code  0x08007030     0x4  startup_stm32l152xba.o [1]
  .text               ro code  0x08007034     0x4  startup_stm32l152xba.o [1]
  .text               ro code  0x08007038     0x4  startup_stm32l152xba.o [1]
  .text               ro code  0x0800703c     0x4  startup_stm32l152xba.o [1]
  .text               ro code  0x08007040     0x4  startup_stm32l152xba.o [1]
  .text               ro code  0x08007044     0x4  startup_stm32l152xba.o [1]
  .text               ro code  0x08007048     0x4  startup_stm32l152xba.o [1]
  .text               ro code  0x0800704c     0x4  startup_stm32l152xba.o [1]
  .text               ro code  0x08007050     0x4  startup_stm32l152xba.o [1]
  .text               ro code  0x08007054     0x4  startup_stm32l152xba.o [1]
  .text               ro code  0x08007058     0x4  startup_stm32l152xba.o [1]
  .text               ro code  0x0800705c     0x4  startup_stm32l152xba.o [1]
  .text               ro code  0x08007060     0x4  startup_stm32l152xba.o [1]
  .text               ro code  0x08007064     0x4  startup_stm32l152xba.o [1]
  .text               ro code  0x08007068     0x4  startup_stm32l152xba.o [1]
  .text               ro code  0x0800706c     0x4  startup_stm32l152xba.o [1]
  .text               ro code  0x08007070     0x4  startup_stm32l152xba.o [1]
  .text               ro code  0x08007074     0x4  startup_stm32l152xba.o [1]
  .text               ro code  0x08007078     0x4  startup_stm32l152xba.o [1]
  .text               ro code  0x0800707c     0x4  startup_stm32l152xba.o [1]
  .text               ro code  0x08007080     0x4  startup_stm32l152xba.o [1]
  .text               ro code  0x08007084     0x4  startup_stm32l152xba.o [1]
  .text               ro code  0x08007088     0x4  startup_stm32l152xba.o [1]
  .text               ro code  0x0800708c     0x4  startup_stm32l152xba.o [1]
  .text               ro code  0x08007090     0x4  startup_stm32l152xba.o [1]
  .text               ro code  0x08007094     0x4  startup_stm32l152xba.o [1]
  .text               ro code  0x08007098     0x4  startup_stm32l152xba.o [1]
  .text               ro code  0x0800709c     0x4  startup_stm32l152xba.o [1]
  .text               ro code  0x080070a0     0x4  startup_stm32l152xba.o [1]
  .text               ro code  0x080070a4     0x4  startup_stm32l152xba.o [1]
  .text               ro code  0x080070a8     0x4  startup_stm32l152xba.o [1]
  .text               ro code  0x080070ac     0x4  startup_stm32l152xba.o [1]
  .text               ro code  0x080070b0     0x4  startup_stm32l152xba.o [1]
  .text               ro code  0x080070b4     0x4  startup_stm32l152xba.o [1]
  .text               ro code  0x080070b8     0x4  startup_stm32l152xba.o [1]
  .text               ro code  0x080070bc     0x4  startup_stm32l152xba.o [1]
  .text               ro code  0x080070c0     0x4  startup_stm32l152xba.o [1]
  .text               ro code  0x080070c4     0x4  startup_stm32l152xba.o [1]
  .text               ro code  0x080070c8     0x4  startup_stm32l152xba.o [1]
  .text               ro code  0x080070cc     0x4  startup_stm32l152xba.o [1]
  .text               ro code  0x080070d0     0x4  startup_stm32l152xba.o [1]
  .text               ro code  0x080070d4     0x4  startup_stm32l152xba.o [1]
  .text               ro code  0x080070d8     0x4  startup_stm32l152xba.o [1]
  .text               ro code  0x080070dc     0x4  startup_stm32l152xba.o [1]
  .text               ro code  0x080070e0     0x4  startup_stm32l152xba.o [1]
  .rodata             const    0x080070e4     0x0  zero_init3.o [5]
  .rodata             const    0x080070e4     0x0  packbits_init.o [5]
  Initializer bytes   const    0x080070e4    0x38  <for P2 s0>
                             - 0x0800711c  0x7028

"P2":                                      0x1278
  P2 s0                        0x20000000   0x182  <Init block>
    __DLIB_PERTHREAD  inited   0x20000000    0x88  localeconv.o [3]
    __DLIB_PERTHREAD  inited   0x20000088    0x74  setlocale.o [3]
    .data             inited   0x200000fc    0x40  xfiles.o [3]
    __DLIB_PERTHREAD  inited   0x2000013c    0x2c  xttotm.o [3]
    __DLIB_PERTHREAD  inited   0x20000168     0x8  localtim.o [3]
    .data             inited   0x20000170     0x4  system_stm32l1xx.o [1]
    __DLIB_PERTHREAD  inited   0x20000174     0x4  errno.o [3]
    __DLIB_PERTHREAD  inited   0x20000178     0x4  xisdst.o [3]
    __DLIB_PERTHREAD  inited   0x2000017c     0x4  xisdstData.o [3]
    .data             inited   0x20000180     0x2  common.o [1]
  .bss                zero     0x20000184   0x400  deveice.o [1]
  .bss                zero     0x20000584   0x400  deveice.o [1]
  .bss                zero     0x20000984    0x88  deveice.o [1]
  .bss                zero     0x20000a0c    0x88  deveice.o [1]
  .bss                zero     0x20000a94    0x64  deveice.o [1]
  .bss                zero     0x20000af8    0x50  xfiles.o [3]
  .bss                zero     0x20000b48    0x40  usart.o [1]
  .bss                zero     0x20000b88    0x3c  lcd.o [1]
  .bss                zero     0x20000bc4    0x20  rtc.o [1]
  .bss                zero     0x20000be4    0x10  deveice.o [1]
  .bss                zero     0x20000bf4    0x10  lcddriver.o [1]
  .bss                zero     0x20000c04     0xc  deveice.o [1]
  .bss                zero     0x20000c10     0xc  deveice.o [1]
  .bss                zero     0x20000c1c     0xc  deveice.o [1]
  .bss                zero     0x20000c28     0xc  deveice.o [1]
  .bss                zero     0x20000c34     0x8  deveice.o [1]
  .bss                zero     0x20000c3c     0x8  deveice.o [1]
  .bss                zero     0x20000c44     0x8  deveice.o [1]
  .bss                zero     0x20000c4c     0x8  deveice.o [1]
  .bss                zero     0x20000c54     0x8  xxmemxmalloc.o [3]
  .bss                zero     0x20000c5c     0x4  common.o [1]
  .bss                zero     0x20000c60     0x4  deveice.o [1]
  .bss                zero     0x20000c64     0x4  deveice.o [1]
  .bss                zero     0x20000c68     0x4  stm32l1xx_hal.o [1]
  .bss                zero     0x20000c6c     0x4  xgetmemchunk.o [3]
  .bss                zero     0x20000c70     0x1  common.o [1]
  .bss                zero     0x20000c71     0x1  deveice.o [1]
  .bss                zero     0x20000c72     0x1  deveice.o [1]
  .bss                zero     0x20000c73     0x1  deveice.o [1]
  .bss                zero     0x20000c74     0x1  deveice.o [1]
  CSTACK                       0x20000c78   0x400  <Block>
    CSTACK            uninit   0x20000c78   0x400  <Block tail>
  HEAP                         0x20001078   0x200  <Block>
    HEAP              uninit   0x20001078   0x200  <Block tail>
                             - 0x20001278  0x1278


*******************************************************************************
*** INIT TABLE
***

          Address     Size
          -------     ----
Zero (__iar_zero_init3)
    1 destination range, total size 0xaf1:
          0x20000184  0xaf1

Copy/packbits (__iar_packbits_init3)
    1 source range, total size 0x38 (14% of destination):
          0x080070e4   0x38
    1 destination range, total size 0x182:
          0x20000000  0x182



*******************************************************************************
*** MODULE SUMMARY
***

    Module                  ro code  ro data  rw data
    ------                  -------  -------  -------
E:\TCL\PROJECT\SmartHome\soft\SmartHome\IAR\deveicetest\DeviceTest\EWARM\DeviceTest Configuration\Obj: [1]
    Init.o                       16
    apprtc.o                    188       72
    common.o                  1 146      512        7
    deveice.o                 3 428       64    2 528
    gpio.o                      108
    lcd.o                       244                60
    lcddriver.o               1 800      176       16
    main.o                      228
    rtc.o                       228                32
    startup_stm32l152xba.o      464
    stm32l1xx_hal.o              80                 4
    stm32l1xx_hal_cortex.o      356
    stm32l1xx_hal_gpio.o        516
    stm32l1xx_hal_lcd.o         524
    stm32l1xx_hal_msp.o          80
    stm32l1xx_hal_pwr_ex.o       16
    stm32l1xx_hal_rcc.o       3 932       32
    stm32l1xx_hal_rcc_ex.o      312
    stm32l1xx_hal_rtc.o         996
    stm32l1xx_hal_rtc_ex.o      782
    stm32l1xx_hal_uart.o      1 664
    stm32l1xx_it.o               40
    system_stm32l1xx.o          100                 4
    uartapp.o                    40
    usart.o                     192                64
    -------------------------------------------------
    Total:                   17 480      856    2 715

command line: [2]
    -------------------------------------------------
    Total:

dl7M_tlf.a: [3]
    abort.o                       6
    div.o                        14
    errno.o                      12        1        4
    exit.o                        4
    getzone.o                    10
    isxxx.o                      20
    localeconv.o                108       19      136
    localtim.o                  182        1        8
    low_level_init.o              4
    printf.o                     36
    putchar.o                    12
    setlocale.o                  84       17      116
    sprintf.o                    52
    tolower.o                    20
    xencoding_sb.o               96
    xfiles.o                               9      144
    xgetdst.o                   356
    xgetmemchunk.o               44                 4
    xgettime.o                   66
    xisdst.o                    308        1        4
    xisdstData.o                                    4
    xlocale_c.o                  32
    xmbcurmax.o                  10
    xmbtowc.o                    32
    xprintffull.o             4 438
    xprout.o                     22
    xsprout.o                    10
    xstol.o                     136
    xstoul.o                    404
    xtls.o                        2
    xttotm.o                    392        7       44
    xwctomb.o                    26
    xxmemxfree.o                128
    xxmemxmalloc.o              176                 8
    -------------------------------------------------
    Total:                    7 242       55      472

m7M_tl.a: [4]
    DblAdd.o                    212
    DblCmpGe.o                   46
    DblCmpLe.o                   46
    DblDiv.o                    598
    DblMul.o                    418
    DblSub.o                    384
    DblToI32.o                   88
    I32ToDbl.o                   48
    xdnorm.o                     66
    xdscale.o                   272
    -------------------------------------------------
    Total:                    2 178

rt7M_tl.a: [5]
    ABImemclr4.o                  6
    ABImemcpy_unaligned.o       118
    ABImemset.o                 102
    ABImemset48.o                50
    I64DivMod.o                 238
    I64DivZer.o                   2
    cexit.o                      10
    cmain.o                      26
    cstartup_M.o                 12
    data_init.o                  40
    memchr.o                     88
    packbits_init.o             208
    strchr.o                     22
    strlen.o                     54
    zero_init3.o                 64
    -------------------------------------------------
    Total:                    1 040

shb_l.a: [6]
    exit.o                       20
    -------------------------------------------------
    Total:                       20

    Gaps                         40                 2
    Linker created                        45    1 536
-----------------------------------------------------
    Grand Total:             28 000      956    4 725


*******************************************************************************
*** ENTRY LIST
***

Entry                      Address   Size  Type      Object
-----                      -------   ----  ----      ------
.iar.init_table$$Base   0x08006e80          --   Gb  - Linker created -
.iar.init_table$$Limit  0x08006eac          --   Gb  - Linker created -
?main                   0x08006ead         Code  Gb  cmain.o [5]
APIReloadTimer          0x08003153   0x10  Code  Gb  common.o [1]
APIStartTimer           0x08003163    0xc  Code  Gb  common.o [1]
APIStopTimer            0x0800316f    0xc  Code  Gb  common.o [1]
AlarmHandle             0x08003f3d   0xa0  Code  Gb  deveice.o [1]
AlarmTimerHandle        0x08003fdd   0x1e  Code  Gb  deveice.o [1]
AppRtcInit              0x08004bed   0x76  Code  Gb  apprtc.o [1]
CRC16_CCITT_TABLE8H     0x080069c0  0x100  Data  Gb  common.o [1]
CRC16_CCITT_TABLE8L     0x080068c0  0x100  Data  Gb  common.o [1]
CSTACK$$Base            0x20000c78          --   Gb  - Linker created -
CSTACK$$Limit           0x20001078          --   Gb  - Linker created -
CapLetterMap            0x08006db0   0x34  Data  Gb  lcddriver.o [1]
DatadownHandle          0x08003eb9   0x84  Code  Lc  deveice.o [1]
Decoding                0x08003279    0x6  Code  Gb  common.o [1]
DevCtrlHandle           0x0800398f   0xd0  Code  Lc  deveice.o [1]
DevFrameDataHandle      0x0800362b  0x1e8  Code  Gb  deveice.o [1]
DevFrameHandle          0x080041ff   0x34  Code  Gb  deveice.o [1]
DevHardInit             0x08004249    0x8  Code  Gb  deveice.o [1]
DevParaInit             0x08004251   0x5c  Code  Gb  deveice.o [1]
DevRevCmdHandle         0x08003b39  0x18c  Code  Gb  deveice.o [1]
DevRevTimerHandle       0x08003935   0x22  Code  Lc  deveice.o [1]
DevSendData             0x08003d15  0x15a  Code  Gb  deveice.o [1]
DevSendTimerHandle      0x08003e6f   0x4a  Code  Lc  deveice.o [1]
Encoding                0x08003277    0x2  Code  Gb  common.o [1]
FifoCopy                0x080034cf   0xca  Code  Gb  common.o [1]
FifoDeletHead           0x08003599   0x1a  Code  Gb  common.o [1]
FifoInit                0x08003329    0xe  Code  Gb  common.o [1]
FifoInput               0x08003375   0xc4  Code  Gb  common.o [1]
FifoOutput              0x08003439   0x96  Code  Gb  common.o [1]
FifoPushOneByte         0x08003337   0x3e  Code  Gb  common.o [1]
FormatSend              0x08003957   0x38  Code  Gb  deveice.o [1]
FrameRevInit            0x08003607   0x12  Code  Lc  deveice.o [1]
FrameSendparaInit       0x08003619   0x12  Code  Lc  deveice.o [1]
HAL_GPIO_Init           0x080049c5  0x1c0  Code  Gb  stm32l1xx_hal_gpio.o [1]
HAL_GPIO_ReadPin        0x08004b85   0x18  Code  Gb  stm32l1xx_hal_gpio.o [1]
HAL_GetTick             0x08002f6b    0x6  Code  Wk  stm32l1xx_hal.o [1]
HAL_IncTick             0x08002f5f    0xc  Code  Wk  stm32l1xx_hal.o [1]
HAL_Init                0x08002f25   0x16  Code  Gb  stm32l1xx_hal.o [1]
HAL_InitTick            0x08002f3b   0x24  Code  Wk  stm32l1xx_hal.o [1]
HAL_LCD_Init            0x080063ed  0x108  Code  Gb  stm32l1xx_hal_lcd.o [1]
HAL_LCD_MspInit         0x080066eb   0x84  Code  Gb  lcd.o [1]
HAL_LCD_UpdateDisplayRequest
                        0x0800657d   0x50  Code  Gb  stm32l1xx_hal_lcd.o [1]
HAL_LCD_Write           0x080064f5   0x88  Code  Gb  stm32l1xx_hal_lcd.o [1]
HAL_MspInit             0x080030e9   0x50  Code  Gb  stm32l1xx_hal_msp.o [1]
HAL_NVIC_EnableIRQ      0x08003087    0xe  Code  Gb  stm32l1xx_hal_cortex.o [1]
HAL_NVIC_SetPriority    0x08003061   0x26  Code  Gb  stm32l1xx_hal_cortex.o [1]
HAL_NVIC_SetPriorityGrouping
                        0x08003055    0xc  Code  Gb  stm32l1xx_hal_cortex.o [1]
HAL_PWREx_GetVoltageRange
                        0x08002f75    0xa  Code  Gb  stm32l1xx_hal_pwr_ex.o [1]
HAL_RCCEx_PeriphCLKConfig
                        0x08006789  0x124  Code  Gb  stm32l1xx_hal_rcc_ex.o [1]
HAL_RCC_ClockConfig     0x080028cd  0x45c  Code  Gb  stm32l1xx_hal_rcc.o [1]
HAL_RCC_GetHCLKFreq     0x08002de1   0x2c  Code  Gb  stm32l1xx_hal_rcc.o [1]
HAL_RCC_GetPCLK1Freq    0x08002e0d   0x26  Code  Gb  stm32l1xx_hal_rcc.o [1]
HAL_RCC_GetPCLK2Freq    0x08002e33   0x26  Code  Gb  stm32l1xx_hal_rcc.o [1]
HAL_RCC_GetSysClockFreq
                        0x08002d2d   0xb4  Code  Gb  stm32l1xx_hal_rcc.o [1]
HAL_RCC_OscConfig       0x08001fc9  0x8f6  Code  Gb  stm32l1xx_hal_rcc.o [1]
HAL_RTCEx_AlarmBEventCallback
                        0x08005085    0x2  Code  Wk  stm32l1xx_hal_rtc_ex.o [1]
HAL_RTCEx_SetCalibrationOutPut
                        0x08005031   0x54  Code  Gb  stm32l1xx_hal_rtc_ex.o [1]
HAL_RTC_AlarmAEventCallback
                        0x08004bc9   0x24  Code  Gb  apprtc.o [1]
HAL_RTC_AlarmIRQHandler
                        0x08005395   0x5e  Code  Gb  stm32l1xx_hal_rtc.o [1]
HAL_RTC_GetDate         0x08005347   0x4e  Code  Gb  stm32l1xx_hal_rtc.o [1]
HAL_RTC_GetTime         0x08004d79   0x66  Code  Gb  stm32l1xx_hal_rtc_ex.o [1]
HAL_RTC_Init            0x08005089   0xac  Code  Gb  stm32l1xx_hal_rtc.o [1]
HAL_RTC_MspInit         0x080055a9   0x50  Code  Gb  rtc.o [1]
HAL_RTC_SetAlarm_IT     0x08004ddf  0x208  Code  Gb  stm32l1xx_hal_rtc_ex.o [1]
HAL_RTC_SetDate         0x0800524b   0xfc  Code  Gb  stm32l1xx_hal_rtc.o [1]
HAL_RTC_SetTime         0x08005135  0x116  Code  Gb  stm32l1xx_hal_rtc.o [1]
HAL_RTC_WaitForSynchro  0x08004fe7   0x3c  Code  Gb  stm32l1xx_hal_rtc_ex.o [1]
HAL_SYSTICK_CLKSourceConfig
                        0x080030a1   0x20  Code  Gb  stm32l1xx_hal_cortex.o [1]
HAL_SYSTICK_Callback    0x0800317b   0xfc  Code  Gb  common.o [1]
HAL_SYSTICK_Config      0x08003095    0xc  Code  Gb  stm32l1xx_hal_cortex.o [1]
HAL_SYSTICK_IRQHandler  0x080030e1    0x8  Code  Gb  stm32l1xx_hal_cortex.o [1]
HAL_UART_ErrorCallback  0x0800461d    0x2  Code  Wk  stm32l1xx_hal_uart.o [1]
HAL_UART_IRQHandler     0x080044f5  0x128  Code  Gb  stm32l1xx_hal_uart.o [1]
HAL_UART_Init           0x08004319   0x70  Code  Gb  stm32l1xx_hal_uart.o [1]
HAL_UART_MspInit        0x08004cc1   0x72  Code  Gb  usart.o [1]
HAL_UART_Transmit       0x08004389   0xfc  Code  Gb  stm32l1xx_hal_uart.o [1]
HAL_UART_Transmit_IT    0x08004485   0x70  Code  Gb  stm32l1xx_hal_uart.o [1]
HAL_UART_TxCpltCallback
                        0x080035f5   0x12  Code  Gb  deveice.o [1]
HEAP$$Base              0x20001078          --   Gb  - Linker created -
HEAP$$Limit             0x20001278          --   Gb  - Linker created -
HardInit                0x08006c11    0x8  Code  Gb  Init.o [1]
InStream_Read           0x08006c21   0x22  Code  Lc  packbits_init.o [5]
InfoReportHandle        0x08004169   0x4e  Code  Gb  deveice.o [1]
InfoReportTimerHandle   0x080041bd   0x42  Code  Gb  deveice.o [1]
KeyScan                 0x08004055  0x108  Code  Gb  deveice.o [1]
KeyTimerHandle          0x08003ffb   0x54  Code  Gb  deveice.o [1]
LCD_Conv_Char_Seg       0x08005ce5  0x108  Code  Lc  lcddriver.o [1]
LCD_GLASS_WriteChar     0x08005ded  0x3fa  Code  Gb  lcddriver.o [1]
LCD_WaitForSynchro      0x080065cd   0x2c  Code  Gb  stm32l1xx_hal_lcd.o [1]
LcdDisplay              0x080061e7   0x44  Code  Gb  lcddriver.o [1]
LcdDisplayHandle        0x08006359   0x36  Code  Gb  lcddriver.o [1]
LoadInt                 0x08000729   0x6e  Code  Lc  xprintffull.o [3]
MX_GPIO_Init            0x08006ba5   0x6c  Code  Gb  gpio.o [1]
MX_LCD_Init             0x08006695   0x56  Code  Gb  lcd.o [1]
MX_RTC_Init             0x08005525   0x84  Code  Gb  rtc.o [1]
MX_USART1_UART_Init     0x08004c85   0x3c  Code  Gb  usart.o [1]
MainHandle              0x08003139    0x8  Code  Gb  common.o [1]
NVIC_EnableIRQ          0x08002fad   0x14  Code  Lc  stm32l1xx_hal_cortex.o [1]
NVIC_EncodePriority     0x08002fe7   0x3e  Code  Lc  stm32l1xx_hal_cortex.o [1]
NVIC_GetPriorityGrouping
                        0x08002fa3    0xa  Code  Lc  stm32l1xx_hal_cortex.o [1]
NVIC_SetPriority        0x08002fc1   0x26  Code  Lc  stm32l1xx_hal_cortex.o [1]
NVIC_SetPriorityGrouping
                        0x08002f85   0x1e  Code  Lc  stm32l1xx_hal_cortex.o [1]
NumberMap               0x08006efc   0x14  Data  Gb  lcddriver.o [1]
ParaInit                0x08006c19    0x8  Code  Gb  Init.o [1]
RCC_SetFlashLatencyFromMSIRange
                        0x08002e5d   0x90  Code  Lc  stm32l1xx_hal_rcc.o [1]
RTC_Alarm_IRQHandler    0x08006dfb    0xa  Code  Gb  stm32l1xx_it.o [1]
RTC_Bcd2ToByte          0x08005453   0x1a  Code  Gb  stm32l1xx_hal_rtc.o [1]
RTC_ByteToBcd2          0x0800543d   0x16  Code  Gb  stm32l1xx_hal_rtc.o [1]
RTC_EnterInitMode       0x08005405   0x38  Code  Gb  stm32l1xx_hal_rtc.o [1]
Region$$Table$$Base     0x08006e80          --   Gb  - Linker created -
Region$$Table$$Limit    0x08006eac          --   Gb  - Linker created -
ReloadTimer             0x08003147    0x6  Code  Gb  common.o [1]
RevDataWrFifo           0x08003813  0x122  Code  Gb  deveice.o [1]
SendCmdHandle           0x08003a5f   0xda  Code  Gb  deveice.o [1]
StartTimer              0x08003141    0x6  Code  Gb  common.o [1]
StopTimer               0x0800314d    0x6  Code  Gb  common.o [1]
SumCheck                0x080032cb   0x1a  Code  Gb  common.o [1]
SysTick_Config          0x08003025   0x30  Code  Lc  stm32l1xx_hal_cortex.o [1]
SysTick_Handler         0x08006de5    0xc  Code  Gb  stm32l1xx_it.o [1]
SystemClock_Config      0x08006aed   0xae  Code  Gb  main.o [1]
SystemCoreClock         0x20000170    0x4  Data  Gb  system_stm32l1xx.o [1]
SystemInit              0x08006d0d   0x4c  Code  Gb  system_stm32l1xx.o [1]
TimingDelay             0x20000c5c    0x4  Data  Gb  common.o [1]
TransData               0x08003ce7   0x2e  Code  Gb  deveice.o [1]
UART_EndTransmit_IT     0x0800477b   0x30  Code  Lc  stm32l1xx_hal_uart.o [1]
UART_SetConfig          0x080047ab  0x1e4  Code  Lc  stm32l1xx_hal_uart.o [1]
UART_Transmit_IT        0x08004701   0x7a  Code  Lc  stm32l1xx_hal_uart.o [1]
UART_WaitOnFlagUntilTimeout
                        0x0800461f   0xe2  Code  Lc  stm32l1xx_hal_uart.o [1]
UIDisplayHandle         0x0800622b  0x12e  Code  Gb  lcddriver.o [1]
USART1_IRQHandler       0x08006df1    0xa  Code  Gb  stm32l1xx_it.o [1]
Uart2DataHandle         0x080035b5   0x40  Code  Gb  deveice.o [1]
Uart2SendState          0x20000c71    0x1  Data  Gb  deveice.o [1]
UartInit                0x08004233   0x12  Code  Gb  deveice.o [1]
WrUartBuf               0x08003cc5   0x22  Code  Gb  deveice.o [1]
XorCheck                0x080032e5   0x1a  Code  Gb  common.o [1]
_EncodingSb_Mbtowc      0x08001e7b   0x30  Code  Gb  xencoding_sb.o [3]
_EncodingSb_Wctomb      0x08001e61   0x1a  Code  Gb  xencoding_sb.o [3]
_GenldFull              0x08000fb3  0x24e  Code  Lc  xprintffull.o [3]
_Getdst                 0x08005b9d  0x13c  Code  Gb  xgetdst.o [3]
_Gettime                0x08005613   0x42  Code  Gb  xgettime.o [3]
_IsdstStr               0x2000008c    0x4  Data  Gb  setlocale.o [3]
_Isdst_olddst           0x20000178    0x4  Data  Lc  xisdst.o [3]
_Isdst_rules            0x2000017c    0x4  Data  Gb  xisdstData.o [3]
_LdtobFull              0x08000bb1  0x3fc  Code  Lc  xprintffull.o [3]
_LitobFull              0x08000aa9  0x106  Code  Lc  xprintffull.o [3]
_LocaleC_isspace        0x08005b4d   0x14  Code  Gb  xlocale_c.o [3]
_LocaleC_tolower        0x08005cd9    0xc  Code  Gb  xlocale_c.o [3]
_LocaleEncoding         0x08001e45    0xe  Code  Gb  setlocale.o [3]
_LocaleForCat           0x08001e33   0x12  Code  Gb  setlocale.o [3]
_LocaleReturnString     0x200000ac   0x50  Data  Lc  setlocale.o [3]
_Locale_Profile         0x20000090   0x1c  Data  Gb  setlocale.o [3]
_Locale_aeabi_lconv     0x20000050   0x38  Data  Gb  localeconv.o [3]
_Locale_lconv           0x20000000   0x50  Data  Gb  localeconv.o [3]
_Localtime_oldzone      0x20000168    0x4  Data  Lc  localtim.o [3]
_Localtime_tzoff        0x2000016c    0x4  Data  Lc  localtim.o [3]
_Mbtowc                 0x0800124b   0x20  Code  Gb  xmbtowc.o [3]
_PrintfFull             0x080000f5  0x61e  Code  Gb  xprintffull.o [3]
_Prout                  0x08006edb   0x16  Code  Gb  xprout.o [3]
_PutcharsFull           0x08001201   0x2e  Code  Lc  xprintffull.o [3]
_PutstrFull             0x08000797  0x30c  Code  Lc  xprintffull.o [3]
_SProut                 0x0800126b    0xa  Code  Gb  xsprout.o [3]
_Ttotm_ts               0x2000013c   0x2c  Data  Lc  xttotm.o [3]
_Tzoff                  0x0800546d   0x94  Code  Gb  localtim.o [3]
_TzoneStr               0x20000088    0x4  Data  Gb  setlocale.o [3]
_Wctomb                 0x080013d9   0x1a  Code  Gb  xwctomb.o [3]
__aeabi_cdcmple         0x0800161d         Code  Gb  DblCmpLe.o [4]
__aeabi_cdrcmple        0x0800164d         Code  Gb  DblCmpGe.o [4]
__aeabi_d2iz            0x0800178d         Code  Gb  DblToI32.o [4]
__aeabi_d2uiz           0x080017b9         Code  Gb  DblToI32.o [4]
__aeabi_ddiv            0x08001b39         Code  Gb  DblDiv.o [4]
__aeabi_dmul            0x08001995         Code  Gb  DblMul.o [4]
__aeabi_dsub            0x08001815         Code  Gb  DblSub.o [4]
__aeabi_errno_addr      0x08005a0d    0x6  Code  Gb  errno.o [3]
__aeabi_i2d             0x080017e5         Code  Gb  I32ToDbl.o [4]
__aeabi_ldiv0           0x08001eed         Code  Gb  I64DivZer.o [5]
__aeabi_memclr4         0x08004999         Code  Gb  ABImemclr4.o [5]
__aeabi_memset          0x080065f9         Code  Gb  ABImemset.o [5]
__aeabi_ui2d            0x080017f9         Code  Gb  I32ToDbl.o [4]
__aeabi_uldivmod        0x080014ed         Code  Gb  I64DivMod.o [5]
__cmain                 0x08006ead         Code  Gb  cmain.o [5]
__data_Aldata           0x20000c54    0x8  Data  Gb  xxmemxmalloc.o [3]
__data_GetMemChunk      0x08001ec1   0x2c  Code  Gb  xgetmemchunk.o [3]
__exit                  0x08006cf9   0x14  Code  Gb  exit.o [6]
__getzone               0x08005609    0x6  Code  Gb  getzone.o [3]
__iar_Daysto32          0x080056dd   0x3a  Code  Gb  xttotm.o [3]
__iar_Dnorm             0x080015db   0x42  Code  Gb  xdnorm.o [4]
__iar_Dscale            0x0800167d  0x110  Code  Gb  xdscale.o [4]
__iar_Errno             0x20000174    0x4  Data  Gb  errno.o [3]
__iar_Isdst32           0x08005a19  0x134  Code  Gb  xisdst.o [3]
__iar_Locale_lconv_init
                        0x08001d91   0x3a  Code  Gb  localeconv.o [3]
__iar_Mbcurmax          0x0800131d    0xa  Code  Gb  xmbcurmax.o [3]
__iar_Memchr            0x080012c5         Code  Gb  memchr.o [5]
__iar_Memset            0x080065f9         Code  Gb  ABImemset.o [5]
__iar_Memset4_word      0x08004d45         Code  Gb  ABImemset48.o [5]
__iar_Memset8_word      0x08004d45         Code  Gb  ABImemset48.o [5]
__iar_Memset_word       0x08006601         Code  Gb  ABImemset.o [5]
__iar_Stdout            0x200000fc   0x40  Data  Gb  xfiles.o [3]
__iar_Stolx             0x08005655   0x88  Code  Gb  xstol.o [3]
__iar_Stoulx            0x08005879  0x13e  Code  Gb  xstoul.o [3]
__iar_Strchr            0x08001275         Code  Gb  strchr.o [5]
__iar_Ttotm32           0x08005717  0x112  Code  Gb  xttotm.o [3]
__iar_TzoneStr_init     0x08001e0d   0x26  Code  Gb  setlocale.o [3]
__iar_d2uiz             0x080017c5         Code  Gb  DblToI32.o [4]
__iar_dadd              0x08001ef1         Code  Gb  DblAdd.o [4]
__iar_data_init3        0x08006e35   0x28  Code  Gb  data_init.o [5]
__iar_dlib_perthread_access
                        0x08001fc5    0x2  Code  Gb  xtls.o [3]
__iar_dsub              0x08001829         Code  Gb  DblSub.o [4]
__iar_dsubStart         0x0800183b         Code  Gb  DblSub.o [4]
__iar_packbits_init3    0x08006c43   0xae  Code  Gb  packbits_init.o [5]
__iar_program_start     0x08006fa1         Code  Gb  cstartup_M.o [5]
__iar_ui2d              0x080017fd         Code  Gb  I32ToDbl.o [4]
__iar_unaligned___aeabi_memcpy
                        0x080013f5         Code  Gb  ABImemcpy_unaligned.o [5]
__iar_unaligned___aeabi_memcpy4
                        0x08001415         Code  Gb  ABImemcpy_unaligned.o [5]
__iar_unaligned___aeabi_memcpy8
                        0x08001415         Code  Gb  ABImemcpy_unaligned.o [5]
__iar_zero_init3        0x08006d71   0x40  Code  Gb  zero_init3.o [5]
__localtime32           0x08005509   0x1a  Code  Gb  localtim.o [3]
__low_level_init        0x08006ec7    0x4  Code  Gb  low_level_init.o [3]
__vector_table          0x08000000         Data  Gb  startup_stm32l152xba.o [1]
_call_main              0x08006eb9         Code  Gb  cmain.o [5]
_exit                   0x08006ed1         Code  Gb  cexit.o [5]
_main                   0x08006ec3         Code  Gb  cmain.o [5]
aAPBAHBPrescTable       0x08006f50   0x10  Data  Gb  stm32l1xx_hal_rcc.o [1]
aPLLDivisionFactorTable
                        0x08007014    0x4  Data  Gb  stm32l1xx_hal_rcc.o [1]
aPLLMULFactorTable      0x08006f94    0xc  Data  Gb  stm32l1xx_hal_rcc.o [1]
abort                   0x08006cf1    0x6  Code  Gb  abort.o [3]
alarmpara               0x20000c28    0xc  Data  Gb  deveice.o [1]
cmdsend                 0x20000c72    0x1  Data  Gb  deveice.o [1]
crc_cal                 0x0800327f   0x4c  Code  Gb  common.o [1]
datadown                0x20000a0c   0x88  Data  Gb  deveice.o [1]
dataup                  0x20000984   0x88  Data  Gb  deveice.o [1]
devid                   0x08006e5c   0x24  Data  Gb  deveice.o [1]
devinfo                 0x08006f88    0xc  Data  Gb  deveice.o [1]
devstate                0x20000c4c    0x8  Data  Gb  deveice.o [1]
digits                  0x080059bc   0x28  Data  Lc  xstoul.o [3]
div                     0x08001dfd    0xe  Code  Gb  div.o [3]
exit                    0x08006ecb    0x4  Code  Gb  exit.o [3]
fputc                   0x08006e0d   0x24  Code  Gb  uartapp.o [1]
framerevfifo            0x20000c10    0xc  Data  Gb  deveice.o [1]
framerevpara            0x20000c34    0x8  Data  Gb  deveice.o [1]
framerevtimer           0x20000c3c    0x8  Data  Gb  deveice.o [1]
framesendpara           0x20000c64    0x4  Data  Gb  deveice.o [1]
framesendtimer          0x20000c44    0x8  Data  Gb  deveice.o [1]
free                    0x0800146d   0x7a  Code  Gb  xxmemxfree.o [3]
getint                  0x08005b75   0x28  Code  Lc  xgetdst.o [3]
hlcd                    0x20000b88   0x3c  Data  Gb  lcd.o [1]
hrtc                    0x20000bc4   0x20  Data  Gb  rtc.o [1]
huart1                  0x20000b48   0x40  Data  Gb  usart.o [1]
inforeportpara          0x20000be4   0x10  Data  Gb  deveice.o [1]
isspace                 0x08005865   0x14  Code  Gb  isxxx.o [3]
keypara                 0x20000c04    0xc  Data  Gb  deveice.o [1]
keyvalue                0x20000c60    0x4  Data  Gb  deveice.o [1]
lcdpara                 0x20000bf4   0x10  Data  Gb  lcddriver.o [1]
lmos                    0x08005834   0x18  Data  Lc  xttotm.o [3]
localeconv              0x08001dcb   0x16  Code  Gb  localeconv.o [3]
main                    0x08006ac1   0x2c  Code  Gb  main.o [1]
malloc                  0x08001329   0xac  Code  Gb  xxmemxmalloc.o [3]
memchr                  0x080012c5         Code  Gb  memchr.o [5]
modsendbuf              0x20000a94   0x64  Data  Gb  deveice.o [1]
modsendfifo             0x20000c1c    0xc  Data  Gb  deveice.o [1]
modsendfifobuf          0x20000584  0x400  Data  Gb  deveice.o [1]
mos                     0x0800584c   0x18  Data  Lc  xttotm.o [3]
ndigs                   0x080059e4   0x28  Data  Lc  xstoul.o [3]
obuf                    0x20000af8   0x50  Data  Lc  xfiles.o [3]
printf                  0x080049a1   0x24  Code  Gb  printf.o [3]
putchar                 0x08006ef1    0xc  Code  Gb  putchar.o [3]
revfifobuf              0x20000184  0x400  Data  Gb  deveice.o [1]
secflag                 0x20000c70    0x1  Data  Gb  common.o [1]
signal                  0x20000c73    0x1  Data  Gb  deveice.o [1]
sprintf                 0x08006661   0x34  Code  Gb  sprintf.o [3]
strchr                  0x08001275         Code  Gb  strchr.o [5]
strlen                  0x0800128d         Code  Gb  strlen.o [5]
tempalarm               0x20000c74    0x1  Data  Gb  deveice.o [1]
tolower                 0x08005b61   0x14  Code  Gb  tolower.o [3]
uwTick                  0x20000c68    0x4  Data  Lc  stm32l1xx_hal.o [1]


[1] = E:\TCL\PROJECT\SmartHome\soft\SmartHome\IAR\deveicetest\DeviceTest\EWARM\DeviceTest Configuration\Obj
[2] = command line
[3] = dl7M_tlf.a
[4] = m7M_tl.a
[5] = rt7M_tl.a
[6] = shb_l.a

  28 000 bytes of readonly  code memory
     956 bytes of readonly  data memory
   4 725 bytes of readwrite data memory

Errors: none
Warnings: none
