###############################################################################
#
# IAR ELF Linker V7.10.1.6676/W32 for ARM                 21/Feb/2016  10:47:44
# Copyright 2007-2014 IAR Systems AB.
#
#    Output file  =  
#        E:\TCL\PROJECT\SmartHome\soft\SmartHome\IAR\freescalemod\KMSWDRV_EAR2_2\build\iar_6_50\projects\_tower_lcd_test\Release\Exe\project.out
#    Map file     =  
#        E:\TCL\PROJECT\SmartHome\soft\SmartHome\IAR\freescalemod\KMSWDRV_EAR2_2\build\iar_6_50\projects\_tower_lcd_test\Release\List\project.map
#    Command line =  
#        E:\TCL\PROJECT\SmartHome\soft\SmartHome\IAR\freescalemod\KMSWDRV_EAR2_2\build\iar_6_50\projects\_tower_lcd_test\Release\Obj\adc.o
#        E:\TCL\PROJECT\SmartHome\soft\SmartHome\IAR\freescalemod\KMSWDRV_EAR2_2\build\iar_6_50\projects\_tower_lcd_test\Release\Obj\afe.o
#        E:\TCL\PROJECT\SmartHome\soft\SmartHome\IAR\freescalemod\KMSWDRV_EAR2_2\build\iar_6_50\projects\_tower_lcd_test\Release\Obj\aips.o
#        E:\TCL\PROJECT\SmartHome\soft\SmartHome\IAR\freescalemod\KMSWDRV_EAR2_2\build\iar_6_50\projects\_tower_lcd_test\Release\Obj\arch_delay.o
#        E:\TCL\PROJECT\SmartHome\soft\SmartHome\IAR\freescalemod\KMSWDRV_EAR2_2\build\iar_6_50\projects\_tower_lcd_test\Release\Obj\arm_cm0.o
#        E:\TCL\PROJECT\SmartHome\soft\SmartHome\IAR\freescalemod\KMSWDRV_EAR2_2\build\iar_6_50\projects\_tower_lcd_test\Release\Obj\cmp.o
#        E:\TCL\PROJECT\SmartHome\soft\SmartHome\IAR\freescalemod\KMSWDRV_EAR2_2\build\iar_6_50\projects\_tower_lcd_test\Release\Obj\common.o
#        E:\TCL\PROJECT\SmartHome\soft\SmartHome\IAR\freescalemod\KMSWDRV_EAR2_2\build\iar_6_50\projects\_tower_lcd_test\Release\Obj\crc.o
#        E:\TCL\PROJECT\SmartHome\soft\SmartHome\IAR\freescalemod\KMSWDRV_EAR2_2\build\iar_6_50\projects\_tower_lcd_test\Release\Obj\crt0.o
#        E:\TCL\PROJECT\SmartHome\soft\SmartHome\IAR\freescalemod\KMSWDRV_EAR2_2\build\iar_6_50\projects\_tower_lcd_test\Release\Obj\devproanaly.o
#        E:\TCL\PROJECT\SmartHome\soft\SmartHome\IAR\freescalemod\KMSWDRV_EAR2_2\build\iar_6_50\projects\_tower_lcd_test\Release\Obj\dma.o
#        E:\TCL\PROJECT\SmartHome\soft\SmartHome\IAR\freescalemod\KMSWDRV_EAR2_2\build\iar_6_50\projects\_tower_lcd_test\Release\Obj\fll.o
#        E:\TCL\PROJECT\SmartHome\soft\SmartHome\IAR\freescalemod\KMSWDRV_EAR2_2\build\iar_6_50\projects\_tower_lcd_test\Release\Obj\freemaster_appcmd.o
#        E:\TCL\PROJECT\SmartHome\soft\SmartHome\IAR\freescalemod\KMSWDRV_EAR2_2\build\iar_6_50\projects\_tower_lcd_test\Release\Obj\freemaster_can.o
#        E:\TCL\PROJECT\SmartHome\soft\SmartHome\IAR\freescalemod\KMSWDRV_EAR2_2\build\iar_6_50\projects\_tower_lcd_test\Release\Obj\freemaster_Kxx.o
#        E:\TCL\PROJECT\SmartHome\soft\SmartHome\IAR\freescalemod\KMSWDRV_EAR2_2\build\iar_6_50\projects\_tower_lcd_test\Release\Obj\freemaster_protocol.o
#        E:\TCL\PROJECT\SmartHome\soft\SmartHome\IAR\freescalemod\KMSWDRV_EAR2_2\build\iar_6_50\projects\_tower_lcd_test\Release\Obj\freemaster_rec.o
#        E:\TCL\PROJECT\SmartHome\soft\SmartHome\IAR\freescalemod\KMSWDRV_EAR2_2\build\iar_6_50\projects\_tower_lcd_test\Release\Obj\freemaster_scope.o
#        E:\TCL\PROJECT\SmartHome\soft\SmartHome\IAR\freescalemod\KMSWDRV_EAR2_2\build\iar_6_50\projects\_tower_lcd_test\Release\Obj\freemaster_serial.o
#        E:\TCL\PROJECT\SmartHome\soft\SmartHome\IAR\freescalemod\KMSWDRV_EAR2_2\build\iar_6_50\projects\_tower_lcd_test\Release\Obj\freemaster_sfio.o
#        E:\TCL\PROJECT\SmartHome\soft\SmartHome\IAR\freescalemod\KMSWDRV_EAR2_2\build\iar_6_50\projects\_tower_lcd_test\Release\Obj\freemaster_tsa.o
#        E:\TCL\PROJECT\SmartHome\soft\SmartHome\IAR\freescalemod\KMSWDRV_EAR2_2\build\iar_6_50\projects\_tower_lcd_test\Release\Obj\ftfa.o
#        E:\TCL\PROJECT\SmartHome\soft\SmartHome\IAR\freescalemod\KMSWDRV_EAR2_2\build\iar_6_50\projects\_tower_lcd_test\Release\Obj\gpio.o
#        E:\TCL\PROJECT\SmartHome\soft\SmartHome\IAR\freescalemod\KMSWDRV_EAR2_2\build\iar_6_50\projects\_tower_lcd_test\Release\Obj\i2c.o
#        E:\TCL\PROJECT\SmartHome\soft\SmartHome\IAR\freescalemod\KMSWDRV_EAR2_2\build\iar_6_50\projects\_tower_lcd_test\Release\Obj\Init.o
#        E:\TCL\PROJECT\SmartHome\soft\SmartHome\IAR\freescalemod\KMSWDRV_EAR2_2\build\iar_6_50\projects\_tower_lcd_test\Release\Obj\irtc.o
#        E:\TCL\PROJECT\SmartHome\soft\SmartHome\IAR\freescalemod\KMSWDRV_EAR2_2\build\iar_6_50\projects\_tower_lcd_test\Release\Obj\LCD.o
#        E:\TCL\PROJECT\SmartHome\soft\SmartHome\IAR\freescalemod\KMSWDRV_EAR2_2\build\iar_6_50\projects\_tower_lcd_test\Release\Obj\lcd_test.o
#        E:\TCL\PROJECT\SmartHome\soft\SmartHome\IAR\freescalemod\KMSWDRV_EAR2_2\build\iar_6_50\projects\_tower_lcd_test\Release\Obj\llwu.o
#        E:\TCL\PROJECT\SmartHome\soft\SmartHome\IAR\freescalemod\KMSWDRV_EAR2_2\build\iar_6_50\projects\_tower_lcd_test\Release\Obj\lptmr.o
#        E:\TCL\PROJECT\SmartHome\soft\SmartHome\IAR\freescalemod\KMSWDRV_EAR2_2\build\iar_6_50\projects\_tower_lcd_test\Release\Obj\mcm.o
#        E:\TCL\PROJECT\SmartHome\soft\SmartHome\IAR\freescalemod\KMSWDRV_EAR2_2\build\iar_6_50\projects\_tower_lcd_test\Release\Obj\mpu.o
#        E:\TCL\PROJECT\SmartHome\soft\SmartHome\IAR\freescalemod\KMSWDRV_EAR2_2\build\iar_6_50\projects\_tower_lcd_test\Release\Obj\osc.o
#        E:\TCL\PROJECT\SmartHome\soft\SmartHome\IAR\freescalemod\KMSWDRV_EAR2_2\build\iar_6_50\projects\_tower_lcd_test\Release\Obj\osc32k.o
#        E:\TCL\PROJECT\SmartHome\soft\SmartHome\IAR\freescalemod\KMSWDRV_EAR2_2\build\iar_6_50\projects\_tower_lcd_test\Release\Obj\pit.o
#        E:\TCL\PROJECT\SmartHome\soft\SmartHome\IAR\freescalemod\KMSWDRV_EAR2_2\build\iar_6_50\projects\_tower_lcd_test\Release\Obj\pll.o
#        E:\TCL\PROJECT\SmartHome\soft\SmartHome\IAR\freescalemod\KMSWDRV_EAR2_2\build\iar_6_50\projects\_tower_lcd_test\Release\Obj\pmc.o
#        E:\TCL\PROJECT\SmartHome\soft\SmartHome\IAR\freescalemod\KMSWDRV_EAR2_2\build\iar_6_50\projects\_tower_lcd_test\Release\Obj\rcm.o
#        E:\TCL\PROJECT\SmartHome\soft\SmartHome\IAR\freescalemod\KMSWDRV_EAR2_2\build\iar_6_50\projects\_tower_lcd_test\Release\Obj\rnga.o
#        E:\TCL\PROJECT\SmartHome\soft\SmartHome\IAR\freescalemod\KMSWDRV_EAR2_2\build\iar_6_50\projects\_tower_lcd_test\Release\Obj\sim.o
#        E:\TCL\PROJECT\SmartHome\soft\SmartHome\IAR\freescalemod\KMSWDRV_EAR2_2\build\iar_6_50\projects\_tower_lcd_test\Release\Obj\smc.o
#        E:\TCL\PROJECT\SmartHome\soft\SmartHome\IAR\freescalemod\KMSWDRV_EAR2_2\build\iar_6_50\projects\_tower_lcd_test\Release\Obj\spi.o
#        E:\TCL\PROJECT\SmartHome\soft\SmartHome\IAR\freescalemod\KMSWDRV_EAR2_2\build\iar_6_50\projects\_tower_lcd_test\Release\Obj\start.o
#        E:\TCL\PROJECT\SmartHome\soft\SmartHome\IAR\freescalemod\KMSWDRV_EAR2_2\build\iar_6_50\projects\_tower_lcd_test\Release\Obj\startup.o
#        E:\TCL\PROJECT\SmartHome\soft\SmartHome\IAR\freescalemod\KMSWDRV_EAR2_2\build\iar_6_50\projects\_tower_lcd_test\Release\Obj\swisr.o
#        E:\TCL\PROJECT\SmartHome\soft\SmartHome\IAR\freescalemod\KMSWDRV_EAR2_2\build\iar_6_50\projects\_tower_lcd_test\Release\Obj\syst.o
#        E:\TCL\PROJECT\SmartHome\soft\SmartHome\IAR\freescalemod\KMSWDRV_EAR2_2\build\iar_6_50\projects\_tower_lcd_test\Release\Obj\system.o
#        E:\TCL\PROJECT\SmartHome\soft\SmartHome\IAR\freescalemod\KMSWDRV_EAR2_2\build\iar_6_50\projects\_tower_lcd_test\Release\Obj\tmr.o
#        E:\TCL\PROJECT\SmartHome\soft\SmartHome\IAR\freescalemod\KMSWDRV_EAR2_2\build\iar_6_50\projects\_tower_lcd_test\Release\Obj\uart.o
#        E:\TCL\PROJECT\SmartHome\soft\SmartHome\IAR\freescalemod\KMSWDRV_EAR2_2\build\iar_6_50\projects\_tower_lcd_test\Release\Obj\vref.o
#        E:\TCL\PROJECT\SmartHome\soft\SmartHome\IAR\freescalemod\KMSWDRV_EAR2_2\build\iar_6_50\projects\_tower_lcd_test\Release\Obj\wdog.o
#        E:\TCL\PROJECT\SmartHome\soft\SmartHome\IAR\freescalemod\KMSWDRV_EAR2_2\build\iar_6_50\projects\_tower_lcd_test\Release\Obj\xbar.o
#        --redirect _Printf=_PrintfFull --redirect _Scanf=_ScanfFull -o
#        E:\TCL\PROJECT\SmartHome\soft\SmartHome\IAR\freescalemod\KMSWDRV_EAR2_2\build\iar_6_50\projects\_tower_lcd_test\Release\Exe\project.out
#        --map
#        E:\TCL\PROJECT\SmartHome\soft\SmartHome\IAR\freescalemod\KMSWDRV_EAR2_2\build\iar_6_50\projects\_tower_lcd_test\Release\List\project.map
#        --config
#        E:\TCL\PROJECT\SmartHome\soft\SmartHome\IAR\freescalemod\KMSWDRV_EAR2_2\build\iar_6_50\projects\_tower_lcd_test\..\..\..\..\src\toolchain\iar\config\MKMxxZ128_flash.icf
#        --semihosting --entry __iar_program_start --inline --no_exceptions
#        --no_vfe
#
###############################################################################

*******************************************************************************
*** RUNTIME MODEL ATTRIBUTES
***

CppFlavor                     = *
__Heap_Handler                = Basic
__SystemLibrary               = DLib
__dlib_dynamic_initialization = normal


*******************************************************************************
*** PLACEMENT SUMMARY
***

"A1":  place at 0x00000000 { ro section .intvec };
"A2":  place at 0x00000400 { ro section .memcfg };
"P1":  place in [from 0x00000000 to 0x0001ffff] { ro, block CodeRelocate };
"P2":  place in [from 0x1ffff000 to 0x20002fff] {
          rw, block CodeRelocateRam, block CSTACK, block HEAP };

  Section              Kind        Address    Size  Object
  -------              ----        -------    ----  ------
"A1":                                         0xc0
  .intvec              const    0x00000000    0xc0  system.o [1]
                              - 0x000000c0    0xc0

"P1", part 1 of 2:                            0xfc
  .rodata              const    0x000000c0     0x0  zero_init3.o [5]
  CodeRelocate                  0x000000c0     0x0  <Block>
  Initializer bytes    ro data  0x000000c0    0xfc  <for P2 s0>
                              - 0x000001bc    0xfc

"A2":                                         0x10
  .memcfg              const    0x00000400    0x10  system.o [1]
                              - 0x00000410    0x10

"P1", part 2 of 2:                          0x3a84
  .text                ro code  0x00000410  0x1266  xprintffull.o [3]
  .text                ro code  0x00001676    0x1c  xmbtowc.o [3]
  .text                ro code  0x00001692    0x14  strchr.o [5]
  .text                ro code  0x000016a6    0x10  strlen.o [5]
  .text                ro code  0x000016b6    0x18  memchr.o [5]
  .text                ro code  0x000016ce     0xa  xmbcurmax.o [3]
  .text                ro code  0x000016d8    0xb8  xxmemxmalloc.o [3]
  .text                ro code  0x00001790    0x18  xwctomb.o [3]
  .text                ro code  0x000017a8    0x5c  ABImemcpy.o [5]
  .text                ro code  0x00001804    0x88  xxmemxfree.o [3]
  .text                ro code  0x0000188c    0x6a  I64DivMod.o [5]
  .text                ro code  0x000018f6   0x184  DblMul.o [4]
  .text                ro code  0x00001a7a    0x44  xdnorm.o [4]
  .text                ro code  0x00001abe    0x32  DblCmpLe.o [4]
  .text                ro code  0x00001af0    0x32  DblCmpGe.o [4]
  .text                ro code  0x00001b22    0x2a  zero_init3.o [5]
  .text                ro code  0x00001b4c   0x11c  xdscale.o [4]
  .text                ro code  0x00001c68    0x52  DblToI32.o [4]
  .rodata              const    0x00001cba     0x1  devproanaly.o [1]
  .rodata              const    0x00001cbb     0x1  devproanaly.o [1]
  .text                ro code  0x00001cbc    0x34  I32ToDbl.o [4]
  .text                ro code  0x00001cf0   0x1a8  DblAddSub.o [4]
  .text                ro code  0x00001e98    0xe0  I32DivModFast.o [5]
  .text                ro code  0x00001f78    0xc2  DblDiv.o [4]
  .text                ro code  0x0000203c    0x68  localeconv.o [3]
  .text                ro code  0x000020a4    0x20  div.o [3]
  .text                ro code  0x000020c4    0x14  setlocale.o [3]
  .text                ro code  0x000020d8    0x50  xencoding_sb.o [3]
  .text                ro code  0x00002128    0x2c  xgetmemchunk.o [3]
  .text                ro code  0x00002154   0x984  devproanaly.o [1]
  .text                ro code  0x00002ad8   0x36c  common.o [1]
  .text                ro code  0x00002e44    0x24  printf.o [3]
  .text                ro code  0x00002e68    0x14  memset.o [3]
  .text                ro code  0x00002e7c     0xc  memcpy.o [3]
  .text                ro code  0x00002e88    0x54  ABImemset.o [5]
  .text                ro code  0x00002edc   0x2dc  lcd_test.o [1]
  .text                ro code  0x000031b8   0x120  fll.o [1]
  .text                ro code  0x000032d8    0x78  gpio.o [1]
  .text                ro code  0x00003350   0x2ac  uart.o [1]
  .text                ro code  0x000035fc    0x1c  Init.o [1]
  .text                ro code  0x00003618   0x210  tmr.o [1]
  .rodata              const    0x00003828   0x100  common.o [1]
  .rodata              const    0x00003928   0x100  common.o [1]
  .text                ro code  0x00003a28    0x7c  startup.o [1]
  .text                ro code  0x00003aa4    0x74  start.o [1]
  .data_init                    0x00003b18    0x60  <Block>
    Initializer bytes  ro data  0x00003b18    0x60  <for .data-1>
  .rodata              const    0x00003b78    0x28  lcd_test.o [1]
  .rodata              const    0x00003ba0    0x28  lcd_test.o [1]
  .rodata              const    0x00003bc8    0x28  lcd_test.o [1]
  .rodata              const    0x00003bf0    0x28  lcd_test.o [1]
  .rodata              const    0x00003c18    0x28  lcd_test.o [1]
  .rodata              const    0x00003c40    0x28  lcd_test.o [1]
  .rodata              const    0x00003c68    0x28  lcd_test.o [1]
  .rodata              const    0x00003c90    0x28  lcd_test.o [1]
  .rodata              const    0x00003cb8    0x28  lcd_test.o [1]
  .rodata              const    0x00003ce0    0x28  lcd_test.o [1]
  .rodata              const    0x00003d08    0x28  xprintffull.o [3]
  .text                ro code  0x00003d30    0x28  data_init.o [5]
  .iar.init_table      const    0x00003d58    0x10  - Linker created -
  .text                ro code  0x00003d68    0x18  crt0.o [1]
  .text                ro code  0x00003d80    0x16  xprout.o [3]
  .text                ro code  0x00003d98    0x10  putchar.o [3]
  .rodata              const    0x00003da8    0x14  devproanaly.o [1]
  .rodata              const    0x00003dbc    0x14  devproanaly.o [1]
  .rodata              const    0x00003dd0    0x14  lcd_test.o [1]
  .rodata              const    0x00003de4    0x10  devproanaly.o [1]
  .rodata              const    0x00003df4    0x10  devproanaly.o [1]
  .rodata              const    0x00003e04    0x10  devproanaly.o [1]
  .rodata              const    0x00003e14    0x10  Init.o [1]
  .rodata              const    0x00003e24     0xc  devproanaly.o [1]
  .rodata              const    0x00003e30     0xc  devproanaly.o [1]
  .rodata              const    0x00003e3c     0xc  devproanaly.o [1]
  .rodata              const    0x00003e48     0xc  devproanaly.o [1]
  .rodata              const    0x00003e54     0xc  lcd_test.o [1]
  .rodata              const    0x00003e60     0x8  lcd_test.o [1]
  .rodata              const    0x00003e68     0x8  lcd_test.o [1]
  .rodata              const    0x00003e70     0x8  lcd_test.o [1]
  .rodata              const    0x00003e78     0x8  lcd_test.o [1]
  .text                ro code  0x00003e80     0x8  arch_delay.o [1]
  .rodata              const    0x00003e88     0x4  lcd_test.o [1]
  .rodata              const    0x00003e8c     0x4  start.o [1]
  .text                ro code  0x00003e90     0x4  system.o [1]
                              - 0x00003e94  0x3a84

"P2", part 1 of 4:                            0x60
  .data                         0x1ffff000    0x60  <Block>
    .data-1                     0x1ffff000    0x60  <Init block>
      .data            inited   0x1ffff000     0x2  common.o [1]
      .data            inited   0x1ffff004     0x4  devproanaly.o [1]
      .data            inited   0x1ffff008    0x10  devproanaly.o [1]
      .data            inited   0x1ffff018     0x4  devproanaly.o [1]
      .data            inited   0x1ffff01c     0x1  devproanaly.o [1]
      .data            inited   0x1ffff020    0x40  xfiles.o [3]
                              - 0x1ffff060    0x60

"P2", part 2 of 4:                           0x40e
  .bss                          0x1ffff060   0x40e  <Block>
    .bss               zero     0x1ffff060     0x4  common.o [1]
    .bss               zero     0x1ffff064   0x12c  devproanaly.o [1]
    .bss               zero     0x1ffff190     0xc  devproanaly.o [1]
    .bss               zero     0x1ffff19c   0x12c  devproanaly.o [1]
    .bss               zero     0x1ffff2c8     0xc  devproanaly.o [1]
    .bss               zero     0x1ffff2d4     0x8  devproanaly.o [1]
    .bss               zero     0x1ffff2dc     0x8  devproanaly.o [1]
    .bss               zero     0x1ffff2e4    0x88  devproanaly.o [1]
    .bss               zero     0x1ffff36c     0x4  devproanaly.o [1]
    .bss               zero     0x1ffff370     0x8  devproanaly.o [1]
    .bss               zero     0x1ffff378    0x88  devproanaly.o [1]
    .bss               zero     0x1ffff400     0x4  tmr.o [1]
    .bss               zero     0x1ffff404     0x4  tmr.o [1]
    .bss               zero     0x1ffff408     0x4  uart.o [1]
    .bss               zero     0x1ffff40c     0x8  xxmemxmalloc.o [3]
    .bss               zero     0x1ffff414     0x4  xgetmemchunk.o [3]
    .bss               zero     0x1ffff418    0x50  xfiles.o [3]
    .bss               zero     0x1ffff468     0x2  lcd_test.o [1]
    .bss               zero     0x1ffff46a     0x1  common.o [1]
    .bss               zero     0x1ffff46b     0x1  devproanaly.o [1]
    .bss               zero     0x1ffff46c     0x1  devproanaly.o [1]
    .bss               zero     0x1ffff46d     0x1  devproanaly.o [1]
                              - 0x1ffff46e   0x40e

"P2", part 3 of 4:                           0x402
  CodeRelocateRam               0x1ffff46e     0x0  <Block>
  HEAP                          0x1ffff470   0x400  <Block>
    HEAP               uninit   0x1ffff470   0x400  <Block tail>
                              - 0x1ffff870   0x402

"P2", part 4 of 4:                            0xfc
  P2 s0                         0x1ffff870    0xfc  <Init block>
    __DLIB_PERTHREAD   inited   0x1ffff870    0x88  localeconv.o [3]
    __DLIB_PERTHREAD   inited   0x1ffff8f8    0x74  setlocale.o [3]
                              - 0x1ffff96c    0xfc


*******************************************************************************
*** INIT TABLE
***

          Address     Size
          -------     ----
Zero (__iar_zero_init3)
    1 destination range, total size 0x40e:
          0x1ffff060  0x40e



*******************************************************************************
*** MODULE SUMMARY
***

    Module           ro code  ro data  rw data
    ------           -------  -------  -------
E:\TCL\PROJECT\SmartHome\soft\SmartHome\IAR\freescalemod\KMSWDRV_EAR2_2\build\iar_6_50\projects\_tower_lcd_test\Release\Obj: [1]
    Init.o                28       16
    arch_delay.o           8
    common.o             876      514        7
    crt0.o                24
    devproanaly.o      2 436      165      952
    fll.o                288
    gpio.o               120
    lcd_test.o           732      468        2
    start.o              116        4
    startup.o            124
    system.o               4      208
    tmr.o                528                 8
    uart.o               684                 4
    ------------------------------------------
    Total:             5 968    1 375      973

command line: [2]
    ------------------------------------------
    Total:

dl6M_tlf.a: [3]
    div.o                 32
    localeconv.o         104      136      136
    memcpy.o              12
    memset.o              20
    printf.o              36
    putchar.o             16
    setlocale.o           20      116      116
    xencoding_sb.o        80
    xfiles.o                       67      144
    xgetmemchunk.o        44                 4
    xmbcurmax.o           10
    xmbtowc.o             28
    xprintffull.o      4 710       40
    xprout.o              22
    xwctomb.o             24
    xxmemxfree.o         136
    xxmemxmalloc.o       184                 8
    ------------------------------------------
    Total:             5 478      359      408

m6M_tl.a: [4]
    DblAddSub.o          424
    DblCmpGe.o            50
    DblCmpLe.o            50
    DblDiv.o             194
    DblMul.o             388
    DblToI32.o            82
    I32ToDbl.o            52
    xdnorm.o              68
    xdscale.o            284
    ------------------------------------------
    Total:             1 592

rt6M_tl.a: [5]
    ABImemcpy.o           92
    ABImemset.o           84
    I32DivModFast.o      224
    I64DivMod.o          106
    data_init.o           40
    memchr.o              24
    strchr.o              20
    strlen.o              16
    zero_init3.o          42
    ------------------------------------------
    Total:               648

    Gaps                   4                 5
    Linker created                 16    1 024
----------------------------------------------
    Grand Total:      13 690    1 750    2 410


*******************************************************************************
*** ENTRY LIST
***

Entry                      Address   Size  Type      Object
-----                      -------   ----  ----      ------
.bss$$Base              0x1ffff060          --   Gb  - Linker created -
.bss$$Limit             0x1ffff46e          --   Gb  - Linker created -
.data$$Base             0x1ffff000          --   Gb  - Linker created -
.data$$Limit            0x1ffff060          --   Gb  - Linker created -
.data_init$$Base        0x00003b18          --   Gb  - Linker created -
.data_init$$Limit       0x00003b78          --   Gb  - Linker created -
AppHandleCallback       0x00002969   0x10  Code  Gb  devproanaly.o [1]
CRC16_CCITT_TABLE8H     0x00003928  0x100  Data  Gb  common.o [1]
CRC16_CCITT_TABLE8L     0x00003828  0x100  Data  Gb  common.o [1]
CodeRelocate$$Base      0x000000c0          --   Gb  - Linker created -
CodeRelocate$$Limit     0x000000c0          --   Gb  - Linker created -
CodeRelocateRam$$Base   0x1ffff46e          --   Gb  - Linker created -
CodeRelocateRam$$Limit  0x1ffff46e          --   Gb  - Linker created -
DataDownWr              0x000029bd   0x34  Code  Gb  devproanaly.o [1]
DatadownHandle          0x000028e9   0x80  Code  Gb  devproanaly.o [1]
DevFrameDataHandle      0x000025b1  0x150  Code  Gb  devproanaly.o [1]
DevFrameErrHandle       0x00002287   0x42  Code  Lc  devproanaly.o [1]
DevFrameHandle          0x000029f5   0x74  Code  Gb  devproanaly.o [1]
DevHardInit             0x00002a69    0x8  Code  Gb  devproanaly.o [1]
DevParaInit             0x00002a71   0x1c  Code  Gb  devproanaly.o [1]
DevRevCmdHandle         0x000022f5  0x1be  Code  Gb  devproanaly.o [1]
DevRevTimerHandle       0x000022c9   0x1c  Code  Lc  devproanaly.o [1]
DevSendData             0x00002719  0x182  Code  Gb  devproanaly.o [1]
DevSendTimerHandle      0x000028a5   0x40  Code  Gb  devproanaly.o [1]
FLL_Init                0x000031b9  0x120  Code  Gb  fll.o [1]
FifoCopy                0x00002d2d   0xba  Code  Gb  common.o [1]
FifoDeletHead           0x00002de7   0x1c  Code  Gb  common.o [1]
FifoDeletTail           0x00002e03   0x42  Code  Gb  common.o [1]
FifoInit                0x00002c5b    0xe  Code  Gb  common.o [1]
FifoOutput              0x00002ca5   0x88  Code  Gb  common.o [1]
FifoPushOneByte         0x00002c69   0x3c  Code  Gb  common.o [1]
FrameRevInit            0x00002155   0x14  Code  Lc  devproanaly.o [1]
FrameSendparaInit       0x00002169    0x8  Code  Lc  devproanaly.o [1]
GPTimerEventHander      0x000030dd   0x3c  Code  Gb  lcd_test.o [1]
GeneralPurposeTimerInit
                        0x00003091   0x46  Code  Gb  lcd_test.o [1]
HAL_SYSTICK_Callback    0x00002af3   0xc6  Code  Gb  common.o [1]
HEAP$$Base              0x1ffff470          --   Gb  - Linker created -
HEAP$$Limit             0x1ffff870          --   Gb  - Linker created -
HardInit                0x000035fd    0x8  Code  Gb  Init.o [1]
InitDataUpState         0x0000298b    0x8  Code  Gb  devproanaly.o [1]
IsDataDownOk            0x00002993   0x12  Code  Gb  devproanaly.o [1]
IsDataUpOk              0x00002979   0x12  Code  Gb  devproanaly.o [1]
MainHandle              0x00002ad9    0x8  Code  Gb  common.o [1]
OneSecTimer             0x1ffff468    0x2  Data  Gb  lcd_test.o [1]
PORTD_Init              0x000032d9   0x34  Code  Gb  gpio.o [1]
PORTI_Init              0x0000330d   0x34  Code  Gb  gpio.o [1]
ParaInit                0x00003605    0xe  Code  Gb  Init.o [1]
Region$$Table$$Base     0x00003d58          --   Gb  - Linker created -
Region$$Table$$Limit    0x00003d68          --   Gb  - Linker created -
RevByteWrFifo           0x00002171   0x2c  Code  Lc  devproanaly.o [1]
RevDataWrFifo           0x0000219d   0xea  Code  Gb  devproanaly.o [1]
SendCmdHandle           0x000024c9   0xbe  Code  Gb  devproanaly.o [1]
SetDataDownState        0x000029a5    0x8  Code  Gb  devproanaly.o [1]
SetTimer                0x00002ae1   0x12  Code  Gb  common.o [1]
SumCheck                0x00002c21   0x1c  Code  Gb  common.o [1]
TMR1_isr                0x000036e1   0x8e  Code  Gb  tmr.o [1]
TMR2_isr                0x00003775   0x8e  Code  Gb  tmr.o [1]
TMR_CH1_Init            0x00003619   0x8e  Code  Gb  tmr.o [1]
TimingDelay             0x1ffff060    0x4  Data  Gb  common.o [1]
UART0_UART1_isr         0x00003499  0x12a  Code  Gb  uart.o [1]
UART1_Init              0x00003389   0xb8  Code  Gb  uart.o [1]
UART_InstallCallbackUART0_UART1
                        0x00003351   0x38  Code  Gb  uart.o [1]
XorCheck                0x00002c3d   0x1e  Code  Gb  common.o [1]
_EncodingSb_Mbtowc      0x000020ed   0x2c  Code  Gb  xencoding_sb.o [3]
_EncodingSb_Wctomb      0x000020d9   0x14  Code  Gb  xencoding_sb.o [3]
_GenldFull              0x000013b1  0x292  Code  Lc  xprintffull.o [3]
_IsdstStr               0x1ffff8fc    0x4  Data  Gb  setlocale.o [3]
_LdtobFull              0x00000f79  0x426  Code  Lc  xprintffull.o [3]
_LitobFull              0x00000e01  0x12e  Code  Lc  xprintffull.o [3]
_LocaleEncoding         0x000020c5    0xc  Code  Gb  setlocale.o [3]
_LocaleReturnString     0x1ffff91c   0x50  Data  Lc  setlocale.o [3]
_Locale_Profile         0x1ffff900   0x1c  Data  Gb  setlocale.o [3]
_Locale_aeabi_lconv     0x1ffff8c0   0x38  Data  Gb  localeconv.o [3]
_Locale_lconv           0x1ffff870   0x50  Data  Gb  localeconv.o [3]
_Mbtowc                 0x00001677   0x1c  Code  Gb  xmbtowc.o [3]
_PrintfFull             0x00000411  0x6d0  Code  Gb  xprintffull.o [3]
_Prout                  0x00003d81   0x16  Code  Gb  xprout.o [3]
_PutcharsFull           0x00001643   0x30  Code  Lc  xprintffull.o [3]
_PutstrFull             0x00000ae1  0x31c  Code  Lc  xprintffull.o [3]
_TzoneStr               0x1ffff8f8    0x4  Data  Gb  setlocale.o [3]
_Wctomb                 0x00001791   0x18  Code  Gb  xwctomb.o [3]
__aeabi_cdcmple         0x00001abf         Code  Gb  DblCmpLe.o [4]
__aeabi_cdrcmple        0x00001af1         Code  Gb  DblCmpGe.o [4]
__aeabi_d2iz            0x00001c69         Code  Gb  DblToI32.o [4]
__aeabi_d2uiz           0x00001c8d         Code  Gb  DblToI32.o [4]
__aeabi_ddiv            0x00001f79         Code  Gb  DblDiv.o [4]
__aeabi_dmul            0x000018f7         Code  Gb  DblMul.o [4]
__aeabi_dsub            0x00001dab         Code  Gb  DblAddSub.o [4]
__aeabi_i2d             0x00001cbd         Code  Gb  I32ToDbl.o [4]
__aeabi_idiv            0x00001ec5         Code  Gb  I32DivModFast.o [5]
__aeabi_idivmod         0x00001ec5         Code  Gb  I32DivModFast.o [5]
__aeabi_memcpy          0x000017a9         Code  Gb  ABImemcpy.o [5]
__aeabi_memcpy4         0x000017d1         Code  Gb  ABImemcpy.o [5]
__aeabi_memcpy8         0x000017d1         Code  Gb  ABImemcpy.o [5]
__aeabi_memset          0x00002e89         Code  Gb  ABImemset.o [5]
__aeabi_ui2d            0x00001cd1         Code  Gb  I32ToDbl.o [4]
__aeabi_uidiv           0x00001ecb         Code  Gb  I32DivModFast.o [5]
__aeabi_uidivmod        0x00001ecb         Code  Gb  I32DivModFast.o [5]
__aeabi_uldivmod        0x0000188d         Code  Gb  I64DivMod.o [5]
__data_Aldata           0x1ffff40c    0x8  Data  Gb  xxmemxmalloc.o [3]
__data_GetMemChunk      0x00002129   0x2c  Code  Gb  xgetmemchunk.o [3]
__iar_Dnorm             0x00001a7b   0x44  Code  Gb  xdnorm.o [4]
__iar_Dscale            0x00001b4d  0x11c  Code  Gb  xdscale.o [4]
__iar_Locale_lconv_init
                        0x0000203d   0x32  Code  Gb  localeconv.o [3]
__iar_Mbcurmax          0x000016cf    0xa  Code  Gb  xmbcurmax.o [3]
__iar_Memchr            0x000016b7   0x18  Code  Gb  memchr.o [5]
__iar_Memset4_word      0x00002ea9         Code  Gb  ABImemset.o [5]
__iar_Memset_word       0x00002e95         Code  Gb  ABImemset.o [5]
__iar_Stdout            0x1ffff020   0x40  Data  Gb  xfiles.o [3]
__iar_Strchr            0x00001693   0x14  Code  Gb  strchr.o [5]
__iar_d2uiz             0x00001c91         Code  Gb  DblToI32.o [4]
__iar_data_init3        0x00003d31   0x28  Code  Gb  data_init.o [5]
__iar_program_start     0x00003d69         Code  Gb  crt0.o [1]
__iar_ui2d              0x00001cd5         Code  Gb  I32ToDbl.o [4]
__iar_zero_init3        0x00001b23   0x2a  Code  Gb  zero_init3.o [5]
__memcfg_table          0x00000400   0x10  Data  Gb  system.o [1]
__vector_table          0x00000000   0xc0  Data  Gb  system.o [1]
arch_delay              0x00003e81         Code  Gb  arch_delay.o [1]
cmdconfirm              0x00001cba    0x1  Data  Gb  devproanaly.o [1]
cmdrddevinfo            0x00001cbb    0x1  Data  Gb  devproanaly.o [1]
crc_calculate           0x00002bb9   0x48  Code  Gb  common.o [1]
datadown                0x1ffff378   0x88  Data  Gb  devproanaly.o [1]
dataup                  0x1ffff2e4   0x88  Data  Gb  devproanaly.o [1]
default_isr             0x00003e91    0x4  Code  Gb  system.o [1]
div                     0x000020a5   0x20  Code  Gb  div.o [3]
fputc                   0x0000302b   0x12  Code  Gb  lcd_test.o [1]
framerevfifo            0x1ffff190    0xc  Data  Gb  devproanaly.o [1]
framerevpara            0x1ffff2d4    0x8  Data  Gb  devproanaly.o [1]
framerevtimer           0x1ffff2dc    0x8  Data  Gb  devproanaly.o [1]
framesendpara           0x1ffff36c    0x4  Data  Gb  devproanaly.o [1]
framesendtimer          0x1ffff370    0x8  Data  Gb  devproanaly.o [1]
free                    0x00001805   0x82  Code  Gb  xxmemxfree.o [3]
linkste                 0x1ffff018    0x4  Data  Gb  devproanaly.o [1]
localeconv              0x0000206f   0x18  Code  Gb  localeconv.o [3]
main                    0x00002edd  0x14e  Code  Gb  lcd_test.o [1]
malloc                  0x000016d9   0xb4  Code  Gb  xxmemxmalloc.o [3]
memcpy                  0x00002e7d    0xc  Code  Gb  memcpy.o [3]
memset                  0x00002e69   0x14  Code  Gb  memset.o [3]
modinfo                 0x1ffff008   0x10  Data  Gb  devproanaly.o [1]
modsendfifo             0x1ffff2c8    0xc  Data  Gb  devproanaly.o [1]
obuf                    0x1ffff418   0x50  Data  Lc  xfiles.o [3]
pCallbackTMR1           0x1ffff400    0x4  Data  Lc  tmr.o [1]
pCallbackTMR2           0x1ffff404    0x4  Data  Lc  tmr.o [1]
pCallbackUART0_UART1    0x1ffff408    0x4  Data  Lc  uart.o [1]
printf                  0x00002e45   0x24  Code  Gb  printf.o [3]
putchar                 0x00003d99   0x10  Code  Gb  putchar.o [3]
revfifobuf              0x1ffff064  0x12c  Data  Gb  devproanaly.o [1]
scale                   0x00000f2f   0x42  Code  Lc  xprintffull.o [3]
secflag                 0x1ffff46a    0x1  Data  Gb  common.o [1]
sendfifobuf             0x1ffff19c  0x12c  Data  Gb  devproanaly.o [1]
start                   0x00003aa5   0x74  Code  Gb  start.o [1]
startup                 0x00003a29   0x7c  Code  Gb  startup.o [1]
strlen                  0x000016a7   0x10  Code  Gb  strlen.o [5]
uart_callback           0x0000303d   0x54  Code  Lc  lcd_test.o [1]
workmode                0x1ffff004    0x4  Data  Gb  devproanaly.o [1]


[1] = E:\TCL\PROJECT\SmartHome\soft\SmartHome\IAR\freescalemod\KMSWDRV_EAR2_2\build\iar_6_50\projects\_tower_lcd_test\Release\Obj
[2] = command line
[3] = dl6M_tlf.a
[4] = m6M_tl.a
[5] = rt6M_tl.a
[6] = shb_l.a

  13 690 bytes of readonly  code memory
   1 750 bytes of readonly  data memory
   2 410 bytes of readwrite data memory

Errors: none
Warnings: none
